Microchip MPLAB XC8 Compiler V1.34 ()

Linker command line:

-W-3 --edf=/opt/microchip/xc8/v1.34/dat/en_msgs.txt -cs \
  -h+dist/default/production/684-plant-watering.X.production.sym \
  --cmf=dist/default/production/684-plant-watering.X.production.cmf -z \
  -Q16F684 -o/tmp/cgtmkb8B9 \
  -Mdist/default/production/684-plant-watering.X.production.map -E1 \
  -ver=XC8 -ASTACK=05Dh-06fh -pstack=STACK -ACODE=00h-07FFh \
  -ASTRCODE=00h-07FFh -ASTRING=00h-0FFhx8 -ACONST=00h-0FFhx8 \
  -AENTRY=00h-0FFhx8 -ACOMMON=070h-07Fh -ABANK0=020h-06Fh -ABANK1=0A0h-0BFh \
  -ARAM=020h-06Fh,0A0h-0BFh -AABS1=020h-07Fh,0A0h-0BFh -ASFR0=00h-01Fh \
  -ASFR1=080h-09Fh -preset_vec=00h,intentry=04h,init,end_init \
  -ppowerup=CODE -pcinit=CODE -pfunctab=CODE -ACONFIG=02007h-02007h \
  -pconfig=CONFIG -DCONFIG=2 -AIDLOC=02000h-02003h -pidloc=IDLOC -DIDLOC=2 \
  -AEEDATA=00h-0FFh/02100h -peeprom_data=EEDATA -DEEDATA=2 -DCODE=2 \
  -DSTRCODE=2 -DSTRING=2 -DCONST=2 -DENTRY=2 -k /tmp/cgtG0rr64.obj \
  dist/default/production/684-plant-watering.X.production.obj 

Object code version is 3.11

Machine type is 16F684



                Name                               Link     Load   Length Selector   Space Scale
/tmp/cgtG0rr64.obj
                end_init                              F        F        1        8       0
                reset_vec                             0        0        1        0       0
                config                             2007     2007        1     400E       0
dist/default/production/684-plant-watering.X.production.obj
                cinit                                10       10        C        8       0
                intentry                              4        4        B        8       0
                text26                              139      139       7C        8       0
                text25                              572      572       31      896       0
                text24                              493      493       40      896       0
                text23                              68D      68D        F      896       0
                text22                               AC       AC       8D        8       0
                text21                              6B2      6B2        3      896       0
                text20                              629      629       28      896       0
                text19                              6AF      6AF        3      896       0
                text18                              6A4      6A4        8      896       0
                text17                              306      306       55        8       0
                text16                              50C      50C       34      896       0
                text15                              5D2      5D2       2C      896       0
                text14                              35B      35B       50        8       0
                text13                              6AC      6AC        3      896       0
                text12                              22F      22F       78        8       0
                text11                              2A7      2A7       5F        8       0
                text10                              3AB      3AB       4D        8       0
                text9                               1B5      1B5       7A        8       0
                text8                               651      651       15      896       0
                text7                               540      540       32      896       0
                text6                               67A      67A       13      896       0
                text5                               5A3      5A3       2F      896       0
                text4                               5FE      5FE       2B      896       0
                text3                               4D3      4D3       39      896       0
                text2                               44B      44B       48      896       0
                text1                               666      666       14      896       0
                maintext                             1C       1C       90        8       0
                cstackBANK0                          20       20       2D       20       1
                cstackCOMMON                         70       70        D       70       1
                clrtext                             69C      69C        8      896       0
                bssBANK1                             A0       A0       20       A0       1
                bssBANK0                             4D       4D       10       20       1
                bssCOMMON                            7D       7D        1       70       1
                strings                             400      400       4B      800       0

TOTAL           Name                               Link     Load   Length     Space
        CLASS   STACK          

        CLASS   CODE           
                end_init                              F        F        1         0
                cinit                                10       10        C         0
                intentry                              4        4        B         0
                reset_vec                             0        0        1         0
                text26                              139      139       7C         0
                text25                              572      572       31         0
                text24                              493      493       40         0
                text23                              68D      68D        F         0
                text22                               AC       AC       8D         0
                text21                              6B2      6B2        3         0
                text20                              629      629       28         0
                text19                              6AF      6AF        3         0
                text18                              6A4      6A4        8         0
                text17                              306      306       55         0
                text16                              50C      50C       34         0
                text15                              5D2      5D2       2C         0
                text14                              35B      35B       50         0
                text13                              6AC      6AC        3         0
                text12                              22F      22F       78         0
                text11                              2A7      2A7       5F         0
                text10                              3AB      3AB       4D         0
                text9                               1B5      1B5       7A         0
                text8                               651      651       15         0
                text7                               540      540       32         0
                text6                               67A      67A       13         0
                text5                               5A3      5A3       2F         0
                text4                               5FE      5FE       2B         0
                text3                               4D3      4D3       39         0
                text2                               44B      44B       48         0
                text1                               666      666       14         0
                maintext                             1C       1C       90         0
                clrtext                             69C      69C        8         0

        CLASS   STRCODE        

        CLASS   STRING         
                strings                             400      400       4B         0

        CLASS   CONST          

        CLASS   ENTRY          

        CLASS   COMMON         
                cstackCOMMON                         70       70        D         1
                bssCOMMON                            7D       7D        1         1

        CLASS   BANK0          
                cstackBANK0                          20       20       2D         1
                bssBANK0                             4D       4D       10         1

        CLASS   BANK1          
                bssBANK1                             A0       A0       20         1

        CLASS   RAM            

        CLASS   ABS1           
                abs_s1                               7E       7E        2         1

        CLASS   SFR0           

        CLASS   SFR1           

        CLASS   CONFIG         
                config                             2007     2007        1         0

        CLASS   IDLOC          

        CLASS   EEDATA         



SEGMENTS        Name                           Load    Length   Top    Selector   Space  Class     Delta

                reset_vec                      000000  000001  000001         0       0  CODE        2
                intentry                       000004  0003F4  0003F8         8       0  CODE        2
                cstackBANK0                    000020  00003D  00005D        20       1  BANK0       1
                cstackCOMMON                   000070  00000E  00007E        70       1  COMMON      1
                bssBANK1                       0000A0  000020  0000C0        A0       1  BANK1       1
                strings                        000400  00004B  00044B       800       0  STRING      2
                text2                          00044B  00026A  0006B5       896       0  CODE        2
                config                         002007  000001  002008      400E       0  CONFIG      2


UNUSED ADDRESS RANGES

        Name                Unused          Largest block    Delta
        BANK0            005D-006F             13           1
        CODE             0001-0003              3           2
                         03F8-03FF              8
                         06B5-07FF            14B
        CONST            0001-0003              3           2
                         03F8-03FF              8
                         06B5-07FF             4B
        EEDATA           2100-21FF            100           2
        ENTRY            0001-0003              3           2
                         03F8-03FF              8
                         06B5-07FF             4B
        IDLOC            2000-2003              4           2
        RAM              005D-006F             13           1
        SFR0             0000-001F             20           1
        SFR1             0080-009F             20           1
        STACK            005D-006F             13           1
        STRCODE          0001-0003              3           2
                         03F8-03FF              8
                         06B5-07FF            14B
        STRING           0001-0003              3           2
                         03F8-03FF              8
                         06B5-07FF             4B

                                  Symbol Table

?___almod                cstackBANK0  0020
?___lldiv                cstackBANK0  0020
?___llmod                cstackBANK0  002E
?___lmul                 cstackBANK0  0020
?_atol                   cstackBANK0  002D
?_eeRead32               cstackBANK0  0021
?_readParam              cstackBANK0  002F
_ANSEL                   (abs)        0091
_CMCON0                  (abs)        0019
_EEADR                   (abs)        009B
_EECON1bits              (abs)        009C
_EECON2                  (abs)        009D
_EEDATA                  (abs)        009A
_INTCONbits              (abs)        000B
_IOCAbits                (abs)        0096
_OPTION_REGbits          (abs)        0081
_PIR1bits                (abs)        000C
_PORTAbits               (abs)        0005
_PORTCbits               (abs)        0007
_PR2                     (abs)        0092
_T2CONbits               (abs)        0012
_TMR2                    (abs)        0011
_TRISA                   (abs)        0085
_TRISC                   (abs)        0087
_WPUA                    (abs)        0095
__CFG_BOREN$OFF          (abs)        0000
__CFG_CP$OFF             (abs)        0000
__CFG_CPD$OFF            (abs)        0000
__CFG_FCMEN$OFF          (abs)        0000
__CFG_FOSC$HS            (abs)        0000
__CFG_IESO$OFF           (abs)        0000
__CFG_MCLRE$OFF          (abs)        0000
__CFG_PWRTE$ON           (abs)        0000
__CFG_WDTE$OFF           (abs)        0000
__Habs1                  abs1         0000
__Hbank0                 bank0        0000
__Hbank1                 bank1        0000
__HbssBANK0              bssBANK0     0000
__HbssBANK1              bssBANK1     0000
__HbssCOMMON             bssCOMMON    0000
__Hcinit                 cinit        001C
__Hclrtext               clrtext      0000
__Hcode                  code         0000
__Hcommon                common       0000
__Hconfig                config       2008
__HcstackBANK0           cstackBANK0  0000
__HcstackCOMMON          cstackCOMMON 0000
__Heeprom_data           eeprom_data  0000
__Hend_init              end_init     0010
__Hfunctab               functab      0000
__Hidloc                 idloc        0000
__Hinit                  init         000F
__Hintentry              intentry     000F
__Hmaintext              maintext     0000
__Hpowerup               powerup      0000
__Hram                   ram          0000
__Hreset_vec             reset_vec    0001
__Hsfr0                  sfr0         0000
__Hsfr1                  sfr1         0000
__Hspace_0               (abs)        2008
__Hspace_1               (abs)        00C0
__Hspace_2               (abs)        0000
__Hspace_3               (abs)        0000
__Hstack                 stack        0000
__Hstrings               strings      0000
__Htext                  text         0000
__Labs1                  abs1         0000
__Lbank0                 bank0        0000
__Lbank1                 bank1        0000
__LbssBANK0              bssBANK0     0000
__LbssBANK1              bssBANK1     0000
__LbssCOMMON             bssCOMMON    0000
__Lcinit                 cinit        0010
__Lclrtext               clrtext      0000
__Lcode                  code         0000
__Lcommon                common       0000
__Lconfig                config       2007
__LcstackBANK0           cstackBANK0  0000
__LcstackCOMMON          cstackCOMMON 0000
__Leeprom_data           eeprom_data  0000
__Lend_init              end_init     000F
__Lfunctab               functab      0000
__Lidloc                 idloc        0000
__Linit                  init         000F
__Lintentry              intentry     0004
__Lmaintext              maintext     0000
__Lpowerup               powerup      0000
__Lram                   ram          0000
__Lreset_vec             reset_vec    0000
__Lsfr0                  sfr0         0000
__Lsfr1                  sfr1         0000
__Lspace_0               (abs)        0000
__Lspace_1               (abs)        0000
__Lspace_2               (abs)        0000
__Lspace_3               (abs)        0000
__Lstack                 stack        0000
__Lstrings               strings      0000
__Ltext                  text         0000
__S0                     (abs)        2008
__S1                     (abs)        00C0
__S2                     (abs)        0000
__S3                     (abs)        0000
___almod                 text12       022F
___almod@counter         cstackBANK0  0029
___almod@dividend        cstackBANK0  0024
___almod@divisor         cstackBANK0  0020
___almod@sign            cstackBANK0  002A
___int_sp                stack        0000
___latbits               (abs)        0000
___lldiv                 text11       02A7
___lldiv@counter         cstackBANK0  002D
___lldiv@dividend        cstackBANK0  0024
___lldiv@divisor         cstackBANK0  0020
___lldiv@quotient        cstackBANK0  0029
___llmod                 text10       03AB
___llmod@counter         cstackBANK0  0037
___llmod@dividend        cstackBANK0  0032
___llmod@divisor         cstackBANK0  002E
___lmul                  text24       0493
___lmul@multiplicand     cstackBANK0  0024
___lmul@multiplier       cstackBANK0  0020
___lmul@product          cstackBANK0  0029
___sp                    stack        0000
__end_of___almod         text12       02A7
__end_of___lldiv         text11       0306
__end_of___llmod         text10       03F8
__end_of___lmul          text24       04D3
__end_of__initialization cinit        001A
__end_of__stringtab      strings      0406
__end_of_atol            text22       0139
__end_of_closeValve      text21       06B5
__end_of_cmdStartsWith   text20       0651
__end_of_eeRead32        text17       035B
__end_of_eeRead8         text18       06AC
__end_of_eeWrite32       text5        05D2
__end_of_eeWrite8        text6        068D
__end_of_exeCmd          text2        0493
__end_of_getc            text26       01B5
__end_of_initPORTS       text1        067A
__end_of_initParams      text15       05FE
__end_of_isdigit         text23       069C
__end_of_isr             text25       05A3
__end_of_main            maintext     00AC
__end_of_openValve       text19       06B2
__end_of_paramIds        strings      0425
__end_of_putLF           text13       06AF
__end_of_putc            text14       03AB
__end_of_putn            text9        022F
__end_of_puts            text8        0666
__end_of_readParam       text16       0540
__end_of_showParams      text7        0572
__end_of_updateParam     text3        050C
__end_of_writeParam      text4        0629
__end_ofputn@decaShift   strings      0422
__initialization         cinit        0010
__pbssBANK0              bssBANK0     004D
__pbssBANK1              bssBANK1     00A0
__pbssCOMMON             bssCOMMON    007D
__pcstackBANK0           cstackBANK0  0020
__pcstackCOMMON          cstackCOMMON 0070
__pintentry              intentry     0004
__pmaintext              maintext     001C
__pstrings               strings      0400
__ptext1                 text1        0666
__ptext10                text10       03AB
__ptext11                text11       02A7
__ptext12                text12       022F
__ptext13                text13       06AC
__ptext14                text14       035B
__ptext15                text15       05D2
__ptext16                text16       050C
__ptext17                text17       0306
__ptext18                text18       06A4
__ptext19                text19       06AF
__ptext2                 text2        044B
__ptext20                text20       0629
__ptext21                text21       06B2
__ptext22                text22       00AC
__ptext23                text23       068D
__ptext24                text24       0493
__ptext25                text25       0572
__ptext26                text26       0139
__ptext3                 text3        04D3
__ptext4                 text4        05FE
__ptext5                 text5        05A3
__ptext6                 text6        067A
__ptext7                 text7        0540
__ptext8                 text8        0651
__ptext9                 text9        01B5
__size_of___almod        (abs)        0000
__size_of___lldiv        (abs)        0000
__size_of___llmod        (abs)        0000
__size_of___lmul         (abs)        0000
__size_of_atol           (abs)        0000
__size_of_closeValve     (abs)        0000
__size_of_cmdStartsWith  (abs)        0000
__size_of_eeRead32       (abs)        0000
__size_of_eeRead8        (abs)        0000
__size_of_eeWrite32      (abs)        0000
__size_of_eeWrite8       (abs)        0000
__size_of_exeCmd         (abs)        0000
__size_of_getc           (abs)        0000
__size_of_initPORTS      (abs)        0000
__size_of_initParams     (abs)        0000
__size_of_isdigit        (abs)        0000
__size_of_isr            (abs)        0000
__size_of_main           (abs)        0000
__size_of_openValve      (abs)        0000
__size_of_putLF          (abs)        0000
__size_of_putc           (abs)        0000
__size_of_putn           (abs)        0000
__size_of_puts           (abs)        0000
__size_of_readParam      (abs)        0000
__size_of_showParams     (abs)        0000
__size_of_updateParam    (abs)        0000
__size_of_writeParam     (abs)        0000
__stringbase             strings      0405
__stringtab              strings      0400
_atol                    text22       00AC
_btEnCounter             bssBANK0     0059
_c                       bssBANK0     005A
_closeValve              text21       06B2
_cmd                     bssBANK1     00A0
_cmdIndex                bssCOMMON    007D
_cmdReady                bssBANK0     005B
_cmdStartsWith           text20       0629
_eeRead32                text17       0306
_eeRead8                 text18       06A4
_eeWrite32               text5        05A3
_eeWrite8                text6        067A
_exeCmd                  text2        044B
_getc                    text26       0139
_initPORTS               text1        0666
_initParams              text15       05D2
_isdigit                 text23       068D
_isdigit$582             cstackBANK0  0020
_isr                     text25       0572
_main                    maintext     001C
_openValve               text19       06AF
_paramIds                strings      0422
_params                  bssBANK0     004D
_putLF                   text13       06AC
_putc                    text14       035B
_putn                    text9        01B5
_puts                    text8        0651
_readParam               text16       050C
_sec                     bssBANK0     0055
_showParams              text7        0540
_tCounter                bssBANK0     005C
_updateParam             text3        04D3
_writeParam              text4        05FE
atol@a                   cstackBANK0  0036
atol@c                   cstackBANK0  003B
atol@s                   cstackBANK0  003A
atol@sign                cstackBANK0  0035
btemp                    (abs)        007E
clear_ram0               clrtext      069C
cmdStartsWith@i          cstackBANK0  0022
cmdStartsWith@st         cstackBANK0  0021
eeRead32@addr            cstackBANK0  0029
eeRead32@i               cstackBANK0  002E
eeRead32@res             cstackBANK0  002A
eeRead8@addr             cstackBANK0  0020
eeWrite32@addr           cstackBANK0  002B
eeWrite32@data           cstackBANK0  0022
eeWrite32@i              cstackBANK0  002C
eeWrite8@addr            cstackBANK0  0021
eeWrite8@data            cstackBANK0  0020
end_of_initialization    cinit        001A
exeCmd@val               cstackBANK0  0044
getc@a                   cstackCOMMON 0074
getc@i                   cstackCOMMON 0075
getc@j                   cstackCOMMON 0077
getc@res                 cstackCOMMON 0076
getc@wait                cstackCOMMON 0072
initParams@i             cstackBANK0  0037
interrupt_function       intentry     0004
intlevel0                functab      0000
intlevel1                functab      0000
intlevel2                functab      0000
intlevel3                functab      0000
intlevel4                functab      0000
intlevel5                functab      0000
isdigit@c                cstackBANK0  0021
ltemp                    (abs)        007E
ltemp0                   (abs)        007E
ltemp1                   (abs)        0082
ltemp2                   (abs)        0086
ltemp3                   (abs)        0080
main@r                   cstackBANK0  0049
putc@data                cstackBANK0  0022
putc@i                   cstackBANK0  0023
putc@j                   cstackBANK0  0024
putn@decaShift           strings      0406
putn@dig                 cstackBANK0  003F
putn@i                   cstackBANK0  0040
putn@n                   cstackBANK0  0038
putn@z                   cstackBANK0  003E
puts@i                   cstackBANK0  0026
puts@s                   cstackBANK0  0027
readParam@i              cstackBANK0  0035
readParam@id             cstackBANK0  0034
reset_vec                reset_vec    0000
saved_w                  (abs)        007E
showParams@i             cstackBANK0  0042
stackhi                  (abs)        0000
stacklo                  (abs)        0000
start                    init         000F
start_initialization     cinit        0010
ttemp                    (abs)        007E
ttemp0                   (abs)        007E
ttemp1                   (abs)        0081
ttemp2                   (abs)        0084
ttemp3                   (abs)        0087
ttemp4                   (abs)        007F
updateParam@i            cstackBANK0  003A
updateParam@id           cstackBANK0  0039
updateParam@val          cstackBANK0  0034
writeParam@i             cstackBANK0  0033
writeParam@id            cstackBANK0  0032
writeParam@val           cstackBANK0  002D
wtemp                    (abs)        007E
wtemp0                   (abs)        007E
wtemp1                   (abs)        0080
wtemp2                   (abs)        0082
wtemp3                   (abs)        0084
wtemp4                   (abs)        0086
wtemp5                   (abs)        0088
wtemp6                   (abs)        007F


FUNCTION INFORMATION:

 *************** function _main *****************
 Defined at:
		line 143 in file "main.c"
 Parameters:    Size  Location     Type
		None
 Auto vars:     Size  Location     Type
  r               4   41[BANK0 ] unsigned long 
  c               1    0        unsigned char 
 Return value:  Size  Location     Type
		None               void
 Registers used:
		wreg, fsr0l, fsr0h, status,2, status,0, pclath, cstack
 Tracked objects:
		On entry : 
		On exit  : 
		Unchanged: 
 Data sizes:     COMMON   BANK0   BANK1
      Params:         0       0       0
      Locals:         0       4       0
      Temps:          0       1       0
      Totals:         0       5       0
Total ram usage:        5 bytes
 Hardware stack levels required when called:    8
 This function calls:
		___llmod
		_closeValve
		_exeCmd
		_initPORTS
		_initParams
		_openValve
 This function is called by:
		Startup code after reset
 This function uses a non-reentrant model


 *************** function _initPORTS *****************
 Defined at:
		line 60 in file "main.c"
 Parameters:    Size  Location     Type
		None
 Auto vars:     Size  Location     Type
		None
 Return value:  Size  Location     Type
		None               void
 Registers used:
		wreg, status,2
 Tracked objects:
		On entry : 
		On exit  : 
		Unchanged: 
 Data sizes:     COMMON   BANK0   BANK1
      Params:         0       0       0
      Locals:         0       0       0
      Temps:          0       0       0
      Totals:         0       0       0
Total ram usage:        0 bytes
 Hardware stack levels used:    1
 Hardware stack levels required when called:    2
 This function calls:
		Nothing
 This function is called by:
		_main
 This function uses a non-reentrant model


 *************** function _exeCmd *****************
 Defined at:
		line 109 in file "main.c"
 Parameters:    Size  Location     Type
		None
 Auto vars:     Size  Location     Type
  val             4   36[BANK0 ] long 
 Return value:  Size  Location     Type
		None               void
 Registers used:
		wreg, fsr0l, fsr0h, status,2, status,0, pclath, cstack
 Tracked objects:
		On entry : 
		On exit  : 
		Unchanged: 
 Data sizes:     COMMON   BANK0   BANK1
      Params:         0       0       0
      Locals:         0       4       0
      Temps:          0       1       0
      Totals:         0       5       0
Total ram usage:        5 bytes
 Hardware stack levels used:    1
 Hardware stack levels required when called:    7
 This function calls:
		_atol
		_closeValve
		_cmdStartsWith
		_openValve
		_putLF
		_putc
		_putn
		_puts
		_showParams
		_updateParam
 This function is called by:
		_main
 This function uses a non-reentrant model


 *************** function _updateParam *****************
 Defined at:
		line 37 in file "plant_watering_params.c"
 Parameters:    Size  Location     Type
  id              1    wreg     unsigned char 
  val             4   20[BANK0 ] long 
 Auto vars:     Size  Location     Type
  id              1   25[BANK0 ] unsigned char 
  i               1   26[BANK0 ] unsigned char 
 Return value:  Size  Location     Type
		None               void
 Registers used:
		wreg, fsr0l, fsr0h, status,2, status,0, pclath, cstack
 Tracked objects:
		On entry : 
		On exit  : 
		Unchanged: 
 Data sizes:     COMMON   BANK0   BANK1
      Params:         0       4       0
      Locals:         0       2       0
      Temps:          0       1       0
      Totals:         0       7       0
Total ram usage:        7 bytes
 Hardware stack levels used:    1
 Hardware stack levels required when called:    5
 This function calls:
		_writeParam
 This function is called by:
		_exeCmd
 This function uses a non-reentrant model


 *************** function _writeParam *****************
 Defined at:
		line 14 in file "plant_watering_params.c"
 Parameters:    Size  Location     Type
  id              1    wreg     unsigned char 
  val             4   13[BANK0 ] long 
 Auto vars:     Size  Location     Type
  id              1   18[BANK0 ] unsigned char 
  i               1   19[BANK0 ] unsigned char 
 Return value:  Size  Location     Type
		None               void
 Registers used:
		wreg, fsr0l, fsr0h, status,2, status,0, pclath, cstack
 Tracked objects:
		On entry : 
		On exit  : 
		Unchanged: 
 Data sizes:     COMMON   BANK0   BANK1
      Params:         0       4       0
      Locals:         0       2       0
      Temps:          0       1       0
      Totals:         0       7       0
Total ram usage:        7 bytes
 Hardware stack levels used:    1
 Hardware stack levels required when called:    4
 This function calls:
		_eeWrite32
 This function is called by:
		_updateParam
 This function uses a non-reentrant model


 *************** function _eeWrite32 *****************
 Defined at:
		line 47 in file "eeprom.c"
 Parameters:    Size  Location     Type
  addr            1    wreg     unsigned char 
  data            4    2[BANK0 ] long 
 Auto vars:     Size  Location     Type
  addr            1   11[BANK0 ] unsigned char 
  i               1   12[BANK0 ] unsigned char 
 Return value:  Size  Location     Type
		None               void
 Registers used:
		wreg, status,2, status,0, pclath, cstack
 Tracked objects:
		On entry : 
		On exit  : 
		Unchanged: 
 Data sizes:     COMMON   BANK0   BANK1
      Params:         0       4       0
      Locals:         0       2       0
      Temps:          0       5       0
      Totals:         0      11       0
Total ram usage:       11 bytes
 Hardware stack levels used:    1
 Hardware stack levels required when called:    3
 This function calls:
		_eeWrite8
 This function is called by:
		_writeParam
 This function uses a non-reentrant model


 *************** function _eeWrite8 *****************
 Defined at:
		line 6 in file "eeprom.c"
 Parameters:    Size  Location     Type
  addr            1    wreg     unsigned char 
  data            1    0[BANK0 ] unsigned char 
 Auto vars:     Size  Location     Type
  addr            1    1[BANK0 ] unsigned char 
 Return value:  Size  Location     Type
		None               void
 Registers used:
		wreg
 Tracked objects:
		On entry : 
		On exit  : 
		Unchanged: 
 Data sizes:     COMMON   BANK0   BANK1
      Params:         0       1       0
      Locals:         0       1       0
      Temps:          0       0       0
      Totals:         0       2       0
Total ram usage:        2 bytes
 Hardware stack levels used:    1
 Hardware stack levels required when called:    2
 This function calls:
		Nothing
 This function is called by:
		_eeWrite32
		_eeWrite16
 This function uses a non-reentrant model


 *************** function _showParams *****************
 Defined at:
		line 45 in file "plant_watering_params.c"
 Parameters:    Size  Location     Type
		None
 Auto vars:     Size  Location     Type
  i               1   34[BANK0 ] unsigned char 
 Return value:  Size  Location     Type
		None               void
 Registers used:
		wreg, fsr0l, fsr0h, status,2, status,0, pclath, cstack
 Tracked objects:
		On entry : 
		On exit  : 
		Unchanged: 
 Data sizes:     COMMON   BANK0   BANK1
      Params:         0       0       0
      Locals:         0       1       0
      Temps:          0       1       0
      Totals:         0       2       0
Total ram usage:        2 bytes
 Hardware stack levels used:    1
 Hardware stack levels required when called:    6
 This function calls:
		_initParams
		_putLF
		_putc
		_putn
		_puts
 This function is called by:
		_exeCmd
 This function uses a non-reentrant model


 *************** function _puts *****************
 Defined at:
		line 123 in file "soft_uart_8_9600.c"
 Parameters:    Size  Location     Type
  s               1    wreg     PTR const unsigned char 
		 -> STR_4(10), STR_1(4), 
 Auto vars:     Size  Location     Type
  s               1    7[BANK0 ] PTR const unsigned char 
		 -> STR_4(10), STR_1(4), 
  i               1    6[BANK0 ] unsigned char 
 Return value:  Size  Location     Type
		None               void
 Registers used:
		wreg, fsr0l, fsr0h, status,2, status,0, pclath, cstack
 Tracked objects:
		On entry : 
		On exit  : 
		Unchanged: 
 Data sizes:     COMMON   BANK0   BANK1
      Params:         0       0       0
      Locals:         0       2       0
      Temps:          0       1       0
      Totals:         0       3       0
Total ram usage:        3 bytes
 Hardware stack levels used:    1
 Hardware stack levels required when called:    3
 This function calls:
		_putc
 This function is called by:
		_showParams
		_exeCmd
 This function uses a non-reentrant model


 *************** function _putn *****************
 Defined at:
		line 136 in file "soft_uart_8_9600.c"
 Parameters:    Size  Location     Type
  n               4   24[BANK0 ] long 
 Auto vars:     Size  Location     Type
  i               1   32[BANK0 ] unsigned char 
  dig             1   31[BANK0 ] unsigned char 
  z               1   30[BANK0 ] unsigned char 
 Return value:  Size  Location     Type
		None               void
 Registers used:
		wreg, fsr0l, fsr0h, status,2, status,0, pclath, cstack
 Tracked objects:
		On entry : 
		On exit  : 
		Unchanged: 
 Data sizes:     COMMON   BANK0   BANK1
      Params:         0       4       0
      Locals:         0       3       0
      Temps:          0       2       0
      Totals:         0       9       0
Total ram usage:        9 bytes
 Hardware stack levels used:    1
 Hardware stack levels required when called:    3
 This function calls:
		___almod
		___lldiv
		___llmod
		_putc
 This function is called by:
		_showParams
		_exeCmd
 This function uses a non-reentrant model


 *************** function ___llmod *****************
 Defined at:
		line 6 in file "/opt/microchip/xc8/v1.34/sources/common/llmod.c"
 Parameters:    Size  Location     Type
  divisor         4   14[BANK0 ] unsigned long 
  dividend        4   18[BANK0 ] unsigned long 
 Auto vars:     Size  Location     Type
  counter         1   23[BANK0 ] unsigned char 
 Return value:  Size  Location     Type
                  4   14[BANK0 ] unsigned long 
 Registers used:
		wreg, status,2, status,0
 Tracked objects:
		On entry : 
		On exit  : 
		Unchanged: 
 Data sizes:     COMMON   BANK0   BANK1
      Params:         0       8       0
      Locals:         0       1       0
      Temps:          0       1       0
      Totals:         0      10       0
Total ram usage:       10 bytes
 Hardware stack levels used:    1
 Hardware stack levels required when called:    2
 This function calls:
		Nothing
 This function is called by:
		_putn
		_main
 This function uses a non-reentrant model


 *************** function ___lldiv *****************
 Defined at:
		line 6 in file "/opt/microchip/xc8/v1.34/sources/common/lldiv.c"
 Parameters:    Size  Location     Type
  divisor         4    0[BANK0 ] unsigned long 
  dividend        4    4[BANK0 ] unsigned long 
 Auto vars:     Size  Location     Type
  quotient        4    9[BANK0 ] unsigned long 
  counter         1   13[BANK0 ] unsigned char 
 Return value:  Size  Location     Type
                  4    0[BANK0 ] unsigned long 
 Registers used:
		wreg, status,2, status,0
 Tracked objects:
		On entry : 
		On exit  : 
		Unchanged: 
 Data sizes:     COMMON   BANK0   BANK1
      Params:         0       8       0
      Locals:         0       5       0
      Temps:          0       1       0
      Totals:         0      14       0
Total ram usage:       14 bytes
 Hardware stack levels used:    1
 Hardware stack levels required when called:    2
 This function calls:
		Nothing
 This function is called by:
		_putn
 This function uses a non-reentrant model


 *************** function ___almod *****************
 Defined at:
		line 5 in file "/opt/microchip/xc8/v1.34/sources/common/almod.c"
 Parameters:    Size  Location     Type
  divisor         4    0[BANK0 ] long 
  dividend        4    4[BANK0 ] long 
 Auto vars:     Size  Location     Type
  sign            1   10[BANK0 ] unsigned char 
  counter         1    9[BANK0 ] unsigned char 
 Return value:  Size  Location     Type
                  4    0[BANK0 ] long 
 Registers used:
		wreg, status,2, status,0
 Tracked objects:
		On entry : 
		On exit  : 
		Unchanged: 
 Data sizes:     COMMON   BANK0   BANK1
      Params:         0       8       0
      Locals:         0       2       0
      Temps:          0       1       0
      Totals:         0      11       0
Total ram usage:       11 bytes
 Hardware stack levels used:    1
 Hardware stack levels required when called:    2
 This function calls:
		Nothing
 This function is called by:
		_putn
 This function uses a non-reentrant model


 *************** function _putLF *****************
 Defined at:
		line 162 in file "soft_uart_8_9600.c"
 Parameters:    Size  Location     Type
		None
 Auto vars:     Size  Location     Type
		None
 Return value:  Size  Location     Type
		None               void
 Registers used:
		wreg, status,2, status,0, pclath, cstack
 Tracked objects:
		On entry : 
		On exit  : 
		Unchanged: 
 Data sizes:     COMMON   BANK0   BANK1
      Params:         0       0       0
      Locals:         0       0       0
      Temps:          0       0       0
      Totals:         0       0       0
Total ram usage:        0 bytes
 Hardware stack levels used:    1
 Hardware stack levels required when called:    3
 This function calls:
		_putc
 This function is called by:
		_showParams
		_exeCmd
 This function uses a non-reentrant model


 *************** function _putc *****************
 Defined at:
		line 80 in file "soft_uart_8_9600.c"
 Parameters:    Size  Location     Type
  data            1    wreg     unsigned char 
 Auto vars:     Size  Location     Type
  data            1    2[BANK0 ] unsigned char 
  j               1    4[BANK0 ] unsigned char 
  i               1    3[BANK0 ] unsigned char 
 Return value:  Size  Location     Type
		None               void
 Registers used:
		wreg, status,2, status,0
 Tracked objects:
		On entry : 
		On exit  : 
		Unchanged: 
 Data sizes:     COMMON   BANK0   BANK1
      Params:         0       0       0
      Locals:         0       3       0
      Temps:          0       2       0
      Totals:         0       5       0
Total ram usage:        5 bytes
 Hardware stack levels used:    1
 Hardware stack levels required when called:    2
 This function calls:
		Nothing
 This function is called by:
		_puts
		_putn
		_putLF
		_showParams
		_exeCmd
 This function uses a non-reentrant model


 *************** function _initParams *****************
 Defined at:
		line 31 in file "plant_watering_params.c"
 Parameters:    Size  Location     Type
		None
 Auto vars:     Size  Location     Type
  i               1   23[BANK0 ] unsigned char 
 Return value:  Size  Location     Type
		None               void
 Registers used:
		wreg, fsr0l, fsr0h, status,2, status,0, pclath, cstack
 Tracked objects:
		On entry : 
		On exit  : 
		Unchanged: 
 Data sizes:     COMMON   BANK0   BANK1
      Params:         0       0       0
      Locals:         0       1       0
      Temps:          0       1       0
      Totals:         0       2       0
Total ram usage:        2 bytes
 Hardware stack levels used:    1
 Hardware stack levels required when called:    5
 This function calls:
		_readParam
 This function is called by:
		_showParams
		_main
 This function uses a non-reentrant model


 *************** function _readParam *****************
 Defined at:
		line 24 in file "plant_watering_params.c"
 Parameters:    Size  Location     Type
  id              1    wreg     unsigned char 
 Auto vars:     Size  Location     Type
  id              1   20[BANK0 ] unsigned char 
  i               1   21[BANK0 ] unsigned char 
 Return value:  Size  Location     Type
                  4   15[BANK0 ] long 
 Registers used:
		wreg, fsr0l, fsr0h, status,2, status,0, pclath, cstack
 Tracked objects:
		On entry : 
		On exit  : 
		Unchanged: 
 Data sizes:     COMMON   BANK0   BANK1
      Params:         0       4       0
      Locals:         0       2       0
      Temps:          0       1       0
      Totals:         0       7       0
Total ram usage:        7 bytes
 Hardware stack levels used:    1
 Hardware stack levels required when called:    4
 This function calls:
		_eeRead32
 This function is called by:
		_initParams
 This function uses a non-reentrant model


 *************** function _eeRead32 *****************
 Defined at:
		line 64 in file "eeprom.c"
 Parameters:    Size  Location     Type
  addr            1    wreg     unsigned char 
 Auto vars:     Size  Location     Type
  addr            1    9[BANK0 ] unsigned char 
  res             4   10[BANK0 ] long 
  i               1   14[BANK0 ] unsigned char 
 Return value:  Size  Location     Type
                  4    1[BANK0 ] long 
 Registers used:
		wreg, status,2, status,0, pclath, cstack
 Tracked objects:
		On entry : 
		On exit  : 
		Unchanged: 
 Data sizes:     COMMON   BANK0   BANK1
      Params:         0       4       0
      Locals:         0       6       0
      Temps:          0       4       0
      Totals:         0      14       0
Total ram usage:       14 bytes
 Hardware stack levels used:    1
 Hardware stack levels required when called:    3
 This function calls:
		_eeRead8
 This function is called by:
		_readParam
 This function uses a non-reentrant model


 *************** function _eeRead8 *****************
 Defined at:
		line 20 in file "eeprom.c"
 Parameters:    Size  Location     Type
  addr            1    wreg     unsigned char 
 Auto vars:     Size  Location     Type
  addr            1    0[BANK0 ] unsigned char 
 Return value:  Size  Location     Type
                  1    wreg      unsigned char 
 Registers used:
		wreg
 Tracked objects:
		On entry : 
		On exit  : 
		Unchanged: 
 Data sizes:     COMMON   BANK0   BANK1
      Params:         0       0       0
      Locals:         0       1       0
      Temps:          0       0       0
      Totals:         0       1       0
Total ram usage:        1 bytes
 Hardware stack levels used:    1
 Hardware stack levels required when called:    2
 This function calls:
		Nothing
 This function is called by:
		_eeRead32
		_eeRead16
 This function uses a non-reentrant model


 *************** function _openValve *****************
 Defined at:
		line 81 in file "main.c"
 Parameters:    Size  Location     Type
		None
 Auto vars:     Size  Location     Type
		None
 Return value:  Size  Location     Type
		None               void
 Registers used:
		None
 Tracked objects:
		On entry : 
		On exit  : 
		Unchanged: 
 Data sizes:     COMMON   BANK0   BANK1
      Params:         0       0       0
      Locals:         0       0       0
      Temps:          0       0       0
      Totals:         0       0       0
Total ram usage:        0 bytes
 Hardware stack levels used:    1
 Hardware stack levels required when called:    2
 This function calls:
		Nothing
 This function is called by:
		_exeCmd
		_main
 This function uses a non-reentrant model


 *************** function _cmdStartsWith *****************
 Defined at:
		line 99 in file "main.c"
 Parameters:    Size  Location     Type
  st              1    wreg     PTR unsigned char 
		 -> STR_7(5), STR_6(6), STR_5(5), STR_3(4), 
		 -> STR_2(4), 
 Auto vars:     Size  Location     Type
  st              1    1[BANK0 ] PTR unsigned char 
		 -> STR_7(5), STR_6(6), STR_5(5), STR_3(4), 
		 -> STR_2(4), 
  i               1    2[BANK0 ] unsigned char 
 Return value:  Size  Location     Type
                  1    wreg      unsigned char 
 Registers used:
		wreg, fsr0l, fsr0h, status,2, status,0, pclath
 Tracked objects:
		On entry : 
		On exit  : 
		Unchanged: 
 Data sizes:     COMMON   BANK0   BANK1
      Params:         0       0       0
      Locals:         0       2       0
      Temps:          0       1       0
      Totals:         0       3       0
Total ram usage:        3 bytes
 Hardware stack levels used:    1
 Hardware stack levels required when called:    2
 This function calls:
		Nothing
 This function is called by:
		_exeCmd
 This function uses a non-reentrant model


 *************** function _closeValve *****************
 Defined at:
		line 86 in file "main.c"
 Parameters:    Size  Location     Type
		None
 Auto vars:     Size  Location     Type
		None
 Return value:  Size  Location     Type
		None               void
 Registers used:
		None
 Tracked objects:
		On entry : 
		On exit  : 
		Unchanged: 
 Data sizes:     COMMON   BANK0   BANK1
      Params:         0       0       0
      Locals:         0       0       0
      Temps:          0       0       0
      Totals:         0       0       0
Total ram usage:        0 bytes
 Hardware stack levels used:    1
 Hardware stack levels required when called:    2
 This function calls:
		Nothing
 This function is called by:
		_exeCmd
		_main
 This function uses a non-reentrant model


 *************** function _atol *****************
 Defined at:
		line 5 in file "/opt/microchip/xc8/v1.34/sources/common/atol.c"
 Parameters:    Size  Location     Type
  s               1    wreg     PTR const unsigned char 
		 -> cmd(32), 
 Auto vars:     Size  Location     Type
  s               1   26[BANK0 ] PTR const unsigned char 
		 -> cmd(32), 
  a               4   22[BANK0 ] long 
  c               1   27[BANK0 ] unsigned char 
  sign            1   21[BANK0 ] unsigned char 
 Return value:  Size  Location     Type
                  4   13[BANK0 ] long 
 Registers used:
		wreg, fsr0l, fsr0h, status,2, status,0, pclath, cstack
 Tracked objects:
		On entry : 
		On exit  : 
		Unchanged: 
 Data sizes:     COMMON   BANK0   BANK1
      Params:         0       4       0
      Locals:         0       7       0
      Temps:          0       4       0
      Totals:         0      15       0
Total ram usage:       15 bytes
 Hardware stack levels used:    1
 Hardware stack levels required when called:    3
 This function calls:
		___lmul
		_isdigit
 This function is called by:
		_exeCmd
 This function uses a non-reentrant model


 *************** function _isdigit *****************
 Defined at:
		line 8 in file "/opt/microchip/xc8/v1.34/sources/common/isdigit.c"
 Parameters:    Size  Location     Type
  c               1    wreg     unsigned char 
 Auto vars:     Size  Location     Type
  c               1    1[BANK0 ] unsigned char 
 Return value:  Size  Location     Type
		None               void
 Registers used:
		wreg, status,2, status,0
 Tracked objects:
		On entry : 
		On exit  : 
		Unchanged: 
 Data sizes:     COMMON   BANK0   BANK1
      Params:         0       0       0
      Locals:         0       2       0
      Temps:          0       0       0
      Totals:         0       2       0
Total ram usage:        2 bytes
 Hardware stack levels used:    1
 Hardware stack levels required when called:    2
 This function calls:
		Nothing
 This function is called by:
		_atol
 This function uses a non-reentrant model


 *************** function ___lmul *****************
 Defined at:
		line 15 in file "/opt/microchip/xc8/v1.34/sources/common/Umul32.c"
 Parameters:    Size  Location     Type
  multiplier      4    0[BANK0 ] unsigned long 
  multiplicand    4    4[BANK0 ] unsigned long 
 Auto vars:     Size  Location     Type
  product         4    9[BANK0 ] unsigned long 
 Return value:  Size  Location     Type
                  4    0[BANK0 ] unsigned long 
 Registers used:
		wreg, status,2, status,0
 Tracked objects:
		On entry : 
		On exit  : 
		Unchanged: 
 Data sizes:     COMMON   BANK0   BANK1
      Params:         0       8       0
      Locals:         0       4       0
      Temps:          0       1       0
      Totals:         0      13       0
Total ram usage:       13 bytes
 Hardware stack levels used:    1
 Hardware stack levels required when called:    2
 This function calls:
		Nothing
 This function is called by:
		_atol
 This function uses a non-reentrant model


 *************** function _isr *****************
 Defined at:
		line 267 in file "main.c"
 Parameters:    Size  Location     Type
		None
 Auto vars:     Size  Location     Type
		None
 Return value:  Size  Location     Type
		None               void
 Registers used:
		wreg, fsr0l, fsr0h, status,2, status,0, pclath, cstack
 Tracked objects:
		On entry : 
		On exit  : 
		Unchanged: 
 Data sizes:     COMMON   BANK0   BANK1
      Params:         0       0       0
      Locals:         0       0       0
      Temps:          5       0       0
      Totals:         5       0       0
Total ram usage:        5 bytes
 Hardware stack levels used:    1
 Hardware stack levels required when called:    1
 This function calls:
		_getc
 This function is called by:
		Interrupt level 1
 This function uses a non-reentrant model


 *************** function _getc *****************
 Defined at:
		line 16 in file "soft_uart_8_9600.c"
 Parameters:    Size  Location     Type
		None
 Auto vars:     Size  Location     Type
  wait            2    2[COMMON] unsigned int 
  j               1    7[COMMON] unsigned char 
  res             1    6[COMMON] unsigned char 
  i               1    5[COMMON] unsigned char 
  a               1    4[COMMON] unsigned char 
 Return value:  Size  Location     Type
                  1    wreg      unsigned char 
 Registers used:
		wreg, status,2, status,0
 Tracked objects:
		On entry : 
		On exit  : 
		Unchanged: 
 Data sizes:     COMMON   BANK0   BANK1
      Params:         0       0       0
      Locals:         6       0       0
      Temps:          2       0       0
      Totals:         8       0       0
Total ram usage:        8 bytes
 Hardware stack levels used:    1
 This function calls:
		Nothing
 This function is called by:
		_isr
 This function uses a non-reentrant model



MODULE INFORMATION

Module		Function		Class		Link	Load	Size
/opt/microchip/xc8/v1.34/sources/common/isdigit.c
		_isdigit       		CODE           	068D	0000	16

/opt/microchip/xc8/v1.34/sources/common/isdigit.c estimated size: 16

soft_uart_8_9600.c
		_putn          		CODE           	01B5	0000	123
		_putc          		CODE           	035B	0000	81
		_putLF         		CODE           	06AC	0000	4
		_puts          		CODE           	0651	0000	22
		_getc          		CODE           	0139	0000	125

soft_uart_8_9600.c estimated size: 355

/opt/microchip/xc8/v1.34/sources/common/llmod.c
		___llmod       		CODE           	03AB	0000	78

/opt/microchip/xc8/v1.34/sources/common/llmod.c estimated size: 78

eeprom.c
		_eeRead8       		CODE           	06A4	0000	9
		_eeWrite8      		CODE           	067A	0000	20
		_eeWrite32     		CODE           	05A3	0000	48
		_eeRead32      		CODE           	0306	0000	86

eeprom.c estimated size: 163

shared
		__stringtab    		STRING         	0400	0000	7
		_paramIds      		STRING         	0422	0000	4
		putn@decaShift 		STRING         	0406	0000	29
		__initializatio		CODE           	0010	0000	11

shared estimated size: 51

plant_watering_params.c
		_showParams    		CODE           	0540	0000	51
		_updateParam   		CODE           	04D3	0000	58
		_initParams    		CODE           	05D2	0000	45
		_readParam     		CODE           	050C	0000	53
		_writeParam    		CODE           	05FE	0000	44

plant_watering_params.c estimated size: 251

/opt/microchip/xc8/v1.34/sources/common/almod.c
		___almod       		CODE           	022F	0000	121

/opt/microchip/xc8/v1.34/sources/common/almod.c estimated size: 121

/opt/microchip/xc8/v1.34/sources/common/lldiv.c
		___lldiv       		CODE           	02A7	0000	96

/opt/microchip/xc8/v1.34/sources/common/lldiv.c estimated size: 96

/opt/microchip/xc8/v1.34/sources/common/Umul32.c
		___lmul        		CODE           	0493	0000	65

/opt/microchip/xc8/v1.34/sources/common/Umul32.c estimated size: 65

main.c
		_main          		CODE           	001C	0000	145
		_initPORTS     		CODE           	0666	0000	21
		_isr           		CODE           	0572	0000	50
		_cmdStartsWith 		CODE           	0629	0000	41
		_closeValve    		CODE           	06B2	0000	4
		_openValve     		CODE           	06AF	0000	4
		_exeCmd        		CODE           	044B	0000	73

main.c estimated size: 338

/opt/microchip/xc8/v1.34/sources/common/atol.c
		_atol          		CODE           	00AC	0000	142

/opt/microchip/xc8/v1.34/sources/common/atol.c estimated size: 142

